================================================================================
REGIME-CONDITIONAL IC + WALK-FORWARD VALIDATION
================================================================================
Traceback (most recent call last):
  File "/home/ghost/Downloads/fx-quant-research (1)/fx-quant-research/notebooks/03_regime_conditional_ic_and_wf.py", line 54, in <module>
    df       = load_processed(cfg["data"]["processed_path"], cfg["data"]["raw_path"])
  File "/home/ghost/Downloads/fx-quant-research (1)/fx-quant-research/src/data/loader.py", line 103, in load_processed
    df = load_raw(raw_path)
  File "/home/ghost/Downloads/fx-quant-research (1)/fx-quant-research/src/data/loader.py", line 32, in load_raw
    df = pd.read_csv(
        path,
    ...<10 lines>...
        },
    )
  File "/home/ghost/Downloads/fx-quant-research (1)/fx-quant-research/.venv/lib/python3.13/site-packages/pandas/io/parsers/readers.py", line 873, in read_csv
    return _read(filepath_or_buffer, kwds)
  File "/home/ghost/Downloads/fx-quant-research (1)/fx-quant-research/.venv/lib/python3.13/site-packages/pandas/io/parsers/readers.py", line 300, in _read
    parser = TextFileReader(filepath_or_buffer, **kwds)
  File "/home/ghost/Downloads/fx-quant-research (1)/fx-quant-research/.venv/lib/python3.13/site-packages/pandas/io/parsers/readers.py", line 1645, in __init__
    self._engine = self._make_engine(f, self.engine)
                   ~~~~~~~~~~~~~~~~~^^^^^^^^^^^^^^^^
  File "/home/ghost/Downloads/fx-quant-research (1)/fx-quant-research/.venv/lib/python3.13/site-packages/pandas/io/parsers/readers.py", line 1904, in _make_engine
    self.handles = get_handle(
                   ~~~~~~~~~~^
        f,
        ^^
    ...<6 lines>...
        storage_options=self.options.get("storage_options", None),
        ^^^^^^^^^^^^^^^^^^^^^^^^^^^^^^^^^^^^^^^^^^^^^^^^^^^^^^^^^^
    )
    ^
  File "/home/ghost/Downloads/fx-quant-research (1)/fx-quant-research/.venv/lib/python3.13/site-packages/pandas/io/common.py", line 926, in get_handle
    handle = open(
        handle,
    ...<3 lines>...
        newline="",
    )
FileNotFoundError: [Errno 2] No such file or directory: 'data/raw/XAUUSD15min.csv'
